// Jest Snapshot v1, https://goo.gl/fbAQLP

exports[`<Dialog /> should render children 1`] = `<div />`;
