// Jest Snapshot v1, https://goo.gl/fbAQLP

exports[`<TextInput /> should render props 1`] = `
<div>
  <label
    class="app-form-label"
  >
    TextInputLabel
  </label>
  <input
    class="app-form-input"
  />
</div>
`;
